[2025-12-30 13:34:42] local.ERROR: Undefined index: questions {"exception":"[object] (ErrorException(code: 0): Undefined index: questions at /var/www/html/neopaed/app/Http/Controllers/TranscribtionIntegrationController.php:287)
[stacktrace]
#0 /var/www/html/neopaed/app/Http/Controllers/TranscribtionIntegrationController.php(287): Illuminate\\Foundation\\Bootstrap\\HandleExceptions->handleError(8, 'Undefined index...', '/var/www/html/n...', 287, Array)
#1 [internal function]: App\\Http\\Controllers\\TranscribtionIntegrationController->storeTranscribedDaycareData(Object(Illuminate\\Http\\Request))
#2 /var/www/html/neopaed/vendor/laravel/framework/src/Illuminate/Routing/Controller.php(54): call_user_func_array(Array, Array)
#3 /var/www/html/neopaed/vendor/laravel/framework/src/Illuminate/Routing/ControllerDispatcher.php(45): Illuminate\\Routing\\Controller->callAction('storeTranscribe...', Array)
#4 /var/www/html/neopaed/vendor/laravel/framework/src/Illuminate/Routing/Route.php(212): Illuminate\\Routing\\ControllerDispatcher->dispatch(Object(Illuminate\\Routing\\Route), Object(App\\Http\\Controllers\\TranscribtionIntegrationController), 'storeTranscribe...')
#5 /var/www/html/neopaed/vendor/laravel/framework/src/Illuminate/Routing/Route.php(169): Illuminate\\Routing\\Route->runController()
#6 /var/www/html/neopaed/vendor/laravel/framework/src/Illuminate/Routing/Router.php(665): Illuminate\\Routing\\Route->run()
#7 /var/www/html/neopaed/vendor/laravel/framework/src/Illuminate/Routing/Pipeline.php(30): Illuminate\\Routing\\Router->Illuminate\\Routing\\{closure}(Object(Illuminate\\Http\\Request))
#8 /var/www/html/neopaed/vendor/laravel/framework/src/Illuminate/Pipeline/Pipeline.php(104): Illuminate\\Routing\\Pipeline->Illuminate\\Routing\\{closure}(Object(Illuminate\\Http\\Request))
#9 /var/www/html/neopaed/vendor/laravel/framework/src/Illuminate/Routing/Router.php(667): Illuminate\\Pipeline\\Pipeline->then(Object(Closure))
#10 /var/www/html/neopaed/vendor/laravel/framework/src/Illuminate/Routing/Router.php(642): Illuminate\\Routing\\Router->runRouteWithinStack(Object(Illuminate\\Routing\\Route), Object(Illuminate\\Http\\Request))
#11 /var/www/html/neopaed/vendor/laravel/framework/src/Illuminate/Routing/Router.php(608): Illuminate\\Routing\\Router->runRoute(Object(Illuminate\\Http\\Request), Object(Illuminate\\Routing\\Route))
#12 /var/www/html/neopaed/vendor/laravel/framework/src/Illuminate/Routing/Router.php(597): Illuminate\\Routing\\Router->dispatchToRoute(Object(Illuminate\\Http\\Request))
#13 /var/www/html/neopaed/vendor/laravel/framework/src/Illuminate/Foundation/Http/Kernel.php(176): Illuminate\\Routing\\Router->dispatch(Object(Illuminate\\Http\\Request))
#14 /var/www/html/neopaed/vendor/laravel/framework/src/Illuminate/Routing/Pipeline.php(30): Illuminate\\Foundation\\Http\\Kernel->Illuminate\\Foundation\\Http\\{closure}(Object(Illuminate\\Http\\Request))
#15 /var/www/html/neopaed/vendor/laravel/framework/src/Illuminate/Foundation/Http/Middleware/VerifyCsrfToken.php(68): Illuminate\\Routing\\Pipeline->Illuminate\\Routing\\{closure}(Object(Illuminate\\Http\\Request))
#16 /var/www/html/neopaed/app/Http/Middleware/VerifyCsrfToken.php(54): Illuminate\\Foundation\\Http\\Middleware\\VerifyCsrfToken->handle(Object(Illuminate\\Http\\Request), Object(Closure))
#17 /var/www/html/neopaed/vendor/laravel/framework/src/Illuminate/Pipeline/Pipeline.php(151): App\\Http\\Middleware\\VerifyCsrfToken->handle(Object(Illuminate\\Http\\Request), Object(Closure))
#18 /var/www/html/neopaed/vendor/laravel/framework/src/Illuminate/Routing/Pipeline.php(53): Illuminate\\Pipeline\\Pipeline->Illuminate\\Pipeline\\{closure}(Object(Illuminate\\Http\\Request))
#19 /var/www/html/neopaed/vendor/laravel/framework/src/Illuminate/View/Middleware/ShareErrorsFromSession.php(49): Illuminate\\Routing\\Pipeline->Illuminate\\Routing\\{closure}(Object(Illuminate\\Http\\Request))
#20 /var/www/html/neopaed/vendor/laravel/framework/src/Illuminate/Pipeline/Pipeline.php(151): Illuminate\\View\\Middleware\\ShareErrorsFromSession->handle(Object(Illuminate\\Http\\Request), Object(Closure))
#21 /var/www/html/neopaed/vendor/laravel/framework/src/Illuminate/Routing/Pipeline.php(53): Illuminate\\Pipeline\\Pipeline->Illuminate\\Pipeline\\{closure}(Object(Illuminate\\Http\\Request))
#22 /var/www/html/neopaed/vendor/laravel/framework/src/Illuminate/Session/Middleware/StartSession.php(63): Illuminate\\Routing\\Pipeline->Illuminate\\Routing\\{closure}(Object(Illuminate\\Http\\Request))
#23 /var/www/html/neopaed/vendor/laravel/framework/src/Illuminate/Pipeline/Pipeline.php(151): Illuminate\\Session\\Middleware\\StartSession->handle(Object(Illuminate\\Http\\Request), Object(Closure))
#24 /var/www/html/neopaed/vendor/laravel/framework/src/Illuminate/Routing/Pipeline.php(53): Illuminate\\Pipeline\\Pipeline->Illuminate\\Pipeline\\{closure}(Object(Illuminate\\Http\\Request))
#25 /var/www/html/neopaed/vendor/laravel/framework/src/Illuminate/Cookie/Middleware/AddQueuedCookiesToResponse.php(37): Illuminate\\Routing\\Pipeline->Illuminate\\Routing\\{closure}(Object(Illuminate\\Http\\Request))
#26 /var/www/html/neopaed/vendor/laravel/framework/src/Illuminate/Pipeline/Pipeline.php(151): Illuminate\\Cookie\\Middleware\\AddQueuedCookiesToResponse->handle(Object(Illuminate\\Http\\Request), Object(Closure))
#27 /var/www/html/neopaed/vendor/laravel/framework/src/Illuminate/Routing/Pipeline.php(53): Illuminate\\Pipeline\\Pipeline->Illuminate\\Pipeline\\{closure}(Object(Illuminate\\Http\\Request))
#28 /var/www/html/neopaed/vendor/laravel/framework/src/Illuminate/Cookie/Middleware/EncryptCookies.php(66): Illuminate\\Routing\\Pipeline->Illuminate\\Routing\\{closure}(Object(Illuminate\\Http\\Request))
#29 /var/www/html/neopaed/vendor/laravel/framework/src/Illuminate/Pipeline/Pipeline.php(151): Illuminate\\Cookie\\Middleware\\EncryptCookies->handle(Object(Illuminate\\Http\\Request), Object(Closure))
#30 /var/www/html/neopaed/vendor/laravel/framework/src/Illuminate/Routing/Pipeline.php(53): Illuminate\\Pipeline\\Pipeline->Illuminate\\Pipeline\\{closure}(Object(Illuminate\\Http\\Request))
#31 /var/www/html/neopaed/vendor/laravel/framework/src/Illuminate/Foundation/Http/Middleware/CheckForMaintenanceMode.php(62): Illuminate\\Routing\\Pipeline->Illuminate\\Routing\\{closure}(Object(Illuminate\\Http\\Request))
#32 /var/www/html/neopaed/vendor/laravel/framework/src/Illuminate/Pipeline/Pipeline.php(151): Illuminate\\Foundation\\Http\\Middleware\\CheckForMaintenanceMode->handle(Object(Illuminate\\Http\\Request), Object(Closure))
#33 /var/www/html/neopaed/vendor/laravel/framework/src/Illuminate/Routing/Pipeline.php(53): Illuminate\\Pipeline\\Pipeline->Illuminate\\Pipeline\\{closure}(Object(Illuminate\\Http\\Request))
#34 /var/www/html/neopaed/vendor/laravel/framework/src/Illuminate/Pipeline/Pipeline.php(104): Illuminate\\Routing\\Pipeline->Illuminate\\Routing\\{closure}(Object(Illuminate\\Http\\Request))
#35 /var/www/html/neopaed/vendor/laravel/framework/src/Illuminate/Foundation/Http/Kernel.php(151): Illuminate\\Pipeline\\Pipeline->then(Object(Closure))
#36 /var/www/html/neopaed/vendor/laravel/framework/src/Illuminate/Foundation/Http/Kernel.php(116): Illuminate\\Foundation\\Http\\Kernel->sendRequestThroughRouter(Object(Illuminate\\Http\\Request))
#37 /var/www/html/neopaed/public/index.php(52): Illuminate\\Foundation\\Http\\Kernel->handle(Object(Illuminate\\Http\\Request))
#38 {main}
"} 
[2025-12-30 15:34:51] local.ERROR: SQLSTATE[23502]: Not null violation: 7 ERROR:  null value in column "urine_output_day" violates not-null constraint
DETAIL:  Failing row contains (22142, null, null, 0, 7, 0, 2025-12-30 15:34:51, null, 22350, 11365, 16157, 3150, 0, 1, TFI 100, 0, 0, 10, 3.5, 3, null, Reactive, null, 0, null, 315, null, 120, Normal, 6, 1, 1, 1, , 1, , 1, Normal, 1, 2, null, 2, Normal, 2, No). (SQL: insert into "daycare_questions" ("DayId", "BabyId", "AdmissionId", "UserAdded", "DateAdded", "respiratory_problem", "Cardiovascular_problem", "central_problem", "gastrointestinal_problem", "directlybreastfeed", "othertypefeed", "workingWeight", "iv_fluids", "iv_fluids_ml_day", "Protein", "Fat", "Carbohydrates", "total_energy", "drug_infusions", "drug_infusions_ml_day", "sedation_paralysis", "Pupils", "urine_output_day", "neuro_sonogram", "gir", "needlethoracentesis", "intercostaldrain", "ultrasoundabdominal", "ultrasoundkeyfindings", "renalultrasound", "renalultrasoundkeyfindings", "mrict_brain_status", "mri_ct_brain", "viral_meningitis", "lumbar_puncture", "ultrasound_spine", "ultrasound_spine_report", "eeg_cfm", "eeg_cfm_report", "dilution_exchange") values (22350, 11365, 16157, 7, 2025-12-30 15:34:51, , , , , 1, 0, 3150, TFI 100, 315, 3.5, 3, 10, 120, 0, , 0, Reactive, , Normal, 6, 1, 1, 1, , 1, , 1, Normal, 1, No, 2, , 2, Normal, 2)) {"exception":"[object] (Illuminate\\Database\\QueryException(code: 23502): SQLSTATE[23502]: Not null violation: 7 ERROR:  null value in column \"urine_output_day\" violates not-null constraint
DETAIL:  Failing row contains (22142, null, null, 0, 7, 0, 2025-12-30 15:34:51, null, 22350, 11365, 16157, 3150, 0, 1, TFI 100, 0, 0, 10, 3.5, 3, null, Reactive, null, 0, null, 315, null, 120, Normal, 6, 1, 1, 1, , 1, , 1, Normal, 1, 2, null, 2, Normal, 2, No). (SQL: insert into \"daycare_questions\" (\"DayId\", \"BabyId\", \"AdmissionId\", \"UserAdded\", \"DateAdded\", \"respiratory_problem\", \"Cardiovascular_problem\", \"central_problem\", \"gastrointestinal_problem\", \"directlybreastfeed\", \"othertypefeed\", \"workingWeight\", \"iv_fluids\", \"iv_fluids_ml_day\", \"Protein\", \"Fat\", \"Carbohydrates\", \"total_energy\", \"drug_infusions\", \"drug_infusions_ml_day\", \"sedation_paralysis\", \"Pupils\", \"urine_output_day\", \"neuro_sonogram\", \"gir\", \"needlethoracentesis\", \"intercostaldrain\", \"ultrasoundabdominal\", \"ultrasoundkeyfindings\", \"renalultrasound\", \"renalultrasoundkeyfindings\", \"mrict_brain_status\", \"mri_ct_brain\", \"viral_meningitis\", \"lumbar_puncture\", \"ultrasound_spine\", \"ultrasound_spine_report\", \"eeg_cfm\", \"eeg_cfm_report\", \"dilution_exchange\") values (22350, 11365, 16157, 7, 2025-12-30 15:34:51, , , , , 1, 0, 3150, TFI 100, 315, 3.5, 3, 10, 120, 0, , 0, Reactive, , Normal, 6, 1, 1, 1, , 1, , 1, Normal, 1, No, 2, , 2, Normal, 2)) at /var/www/html/neopaed/vendor/laravel/framework/src/Illuminate/Database/Connection.php:664, Doctrine\\DBAL\\Driver\\PDO\\Exception(code: 23502): SQLSTATE[23502]: Not null violation: 7 ERROR:  null value in column \"urine_output_day\" violates not-null constraint
DETAIL:  Failing row contains (22142, null, null, 0, 7, 0, 2025-12-30 15:34:51, null, 22350, 11365, 16157, 3150, 0, 1, TFI 100, 0, 0, 10, 3.5, 3, null, Reactive, null, 0, null, 315, null, 120, Normal, 6, 1, 1, 1, , 1, , 1, Normal, 1, 2, null, 2, Normal, 2, No). at /var/www/html/neopaed/vendor/doctrine/dbal/lib/Doctrine/DBAL/Driver/PDO/Exception.php:18, PDOException(code: 23502): SQLSTATE[23502]: Not null violation: 7 ERROR:  null value in column \"urine_output_day\" violates not-null constraint
DETAIL:  Failing row contains (22142, null, null, 0, 7, 0, 2025-12-30 15:34:51, null, 22350, 11365, 16157, 3150, 0, 1, TFI 100, 0, 0, 10, 3.5, 3, null, Reactive, null, 0, null, 315, null, 120, Normal, 6, 1, 1, 1, , 1, , 1, Normal, 1, 2, null, 2, Normal, 2, No). at /var/www/html/neopaed/vendor/doctrine/dbal/lib/Doctrine/DBAL/Driver/PDOStatement.php:117)
[stacktrace]
#0 /var/www/html/neopaed/vendor/laravel/framework/src/Illuminate/Database/Connection.php(624): Illuminate\\Database\\Connection->runQueryCallback('insert into \"da...', Array, Object(Closure))
#1 /var/www/html/neopaed/vendor/laravel/framework/src/Illuminate/Database/Connection.php(459): Illuminate\\Database\\Connection->run('insert into \"da...', Array, Object(Closure))
#2 /var/www/html/neopaed/vendor/laravel/framework/src/Illuminate/Database/Connection.php(411): Illuminate\\Database\\Connection->statement('insert into \"da...', Array)
#3 /var/www/html/neopaed/vendor/laravel/framework/src/Illuminate/Database/Query/Builder.php(2477): Illuminate\\Database\\Connection->insert('insert into \"da...', Array)
#4 /var/www/html/neopaed/app/Http/Controllers/TranscribtionIntegrationController.php(419): Illuminate\\Database\\Query\\Builder->insert(Array)
#5 [internal function]: App\\Http\\Controllers\\TranscribtionIntegrationController->storeTranscribedDaycareData(Object(Illuminate\\Http\\Request))
#6 /var/www/html/neopaed/vendor/laravel/framework/src/Illuminate/Routing/Controller.php(54): call_user_func_array(Array, Array)
#7 /var/www/html/neopaed/vendor/laravel/framework/src/Illuminate/Routing/ControllerDispatcher.php(45): Illuminate\\Routing\\Controller->callAction('storeTranscribe...', Array)
#8 /var/www/html/neopaed/vendor/laravel/framework/src/Illuminate/Routing/Route.php(212): Illuminate\\Routing\\ControllerDispatcher->dispatch(Object(Illuminate\\Routing\\Route), Object(App\\Http\\Controllers\\TranscribtionIntegrationController), 'storeTranscribe...')
#9 /var/www/html/neopaed/vendor/laravel/framework/src/Illuminate/Routing/Route.php(169): Illuminate\\Routing\\Route->runController()
#10 /var/www/html/neopaed/vendor/laravel/framework/src/Illuminate/Routing/Router.php(665): Illuminate\\Routing\\Route->run()
#11 /var/www/html/neopaed/vendor/laravel/framework/src/Illuminate/Routing/Pipeline.php(30): Illuminate\\Routing\\Router->Illuminate\\Routing\\{closure}(Object(Illuminate\\Http\\Request))
#12 /var/www/html/neopaed/vendor/laravel/framework/src/Illuminate/Pipeline/Pipeline.php(104): Illuminate\\Routing\\Pipeline->Illuminate\\Routing\\{closure}(Object(Illuminate\\Http\\Request))
#13 /var/www/html/neopaed/vendor/laravel/framework/src/Illuminate/Routing/Router.php(667): Illuminate\\Pipeline\\Pipeline->then(Object(Closure))
#14 /var/www/html/neopaed/vendor/laravel/framework/src/Illuminate/Routing/Router.php(642): Illuminate\\Routing\\Router->runRouteWithinStack(Object(Illuminate\\Routing\\Route), Object(Illuminate\\Http\\Request))
#15 /var/www/html/neopaed/vendor/laravel/framework/src/Illuminate/Routing/Router.php(608): Illuminate\\Routing\\Router->runRoute(Object(Illuminate\\Http\\Request), Object(Illuminate\\Routing\\Route))
#16 /var/www/html/neopaed/vendor/laravel/framework/src/Illuminate/Routing/Router.php(597): Illuminate\\Routing\\Router->dispatchToRoute(Object(Illuminate\\Http\\Request))
#17 /var/www/html/neopaed/vendor/laravel/framework/src/Illuminate/Foundation/Http/Kernel.php(176): Illuminate\\Routing\\Router->dispatch(Object(Illuminate\\Http\\Request))
#18 /var/www/html/neopaed/vendor/laravel/framework/src/Illuminate/Routing/Pipeline.php(30): Illuminate\\Foundation\\Http\\Kernel->Illuminate\\Foundation\\Http\\{closure}(Object(Illuminate\\Http\\Request))
#19 /var/www/html/neopaed/vendor/laravel/framework/src/Illuminate/Foundation/Http/Middleware/VerifyCsrfToken.php(68): Illuminate\\Routing\\Pipeline->Illuminate\\Routing\\{closure}(Object(Illuminate\\Http\\Request))
#20 /var/www/html/neopaed/app/Http/Middleware/VerifyCsrfToken.php(54): Illuminate\\Foundation\\Http\\Middleware\\VerifyCsrfToken->handle(Object(Illuminate\\Http\\Request), Object(Closure))
#21 /var/www/html/neopaed/vendor/laravel/framework/src/Illuminate/Pipeline/Pipeline.php(151): App\\Http\\Middleware\\VerifyCsrfToken->handle(Object(Illuminate\\Http\\Request), Object(Closure))
#22 /var/www/html/neopaed/vendor/laravel/framework/src/Illuminate/Routing/Pipeline.php(53): Illuminate\\Pipeline\\Pipeline->Illuminate\\Pipeline\\{closure}(Object(Illuminate\\Http\\Request))
#23 /var/www/html/neopaed/vendor/laravel/framework/src/Illuminate/View/Middleware/ShareErrorsFromSession.php(49): Illuminate\\Routing\\Pipeline->Illuminate\\Routing\\{closure}(Object(Illuminate\\Http\\Request))
#24 /var/www/html/neopaed/vendor/laravel/framework/src/Illuminate/Pipeline/Pipeline.php(151): Illuminate\\View\\Middleware\\ShareErrorsFromSession->handle(Object(Illuminate\\Http\\Request), Object(Closure))
#25 /var/www/html/neopaed/vendor/laravel/framework/src/Illuminate/Routing/Pipeline.php(53): Illuminate\\Pipeline\\Pipeline->Illuminate\\Pipeline\\{closure}(Object(Illuminate\\Http\\Request))
#26 /var/www/html/neopaed/vendor/laravel/framework/src/Illuminate/Session/Middleware/StartSession.php(63): Illuminate\\Routing\\Pipeline->Illuminate\\Routing\\{closure}(Object(Illuminate\\Http\\Request))
#27 /var/www/html/neopaed/vendor/laravel/framework/src/Illuminate/Pipeline/Pipeline.php(151): Illuminate\\Session\\Middleware\\StartSession->handle(Object(Illuminate\\Http\\Request), Object(Closure))
#28 /var/www/html/neopaed/vendor/laravel/framework/src/Illuminate/Routing/Pipeline.php(53): Illuminate\\Pipeline\\Pipeline->Illuminate\\Pipeline\\{closure}(Object(Illuminate\\Http\\Request))
#29 /var/www/html/neopaed/vendor/laravel/framework/src/Illuminate/Cookie/Middleware/AddQueuedCookiesToResponse.php(37): Illuminate\\Routing\\Pipeline->Illuminate\\Routing\\{closure}(Object(Illuminate\\Http\\Request))
#30 /var/www/html/neopaed/vendor/laravel/framework/src/Illuminate/Pipeline/Pipeline.php(151): Illuminate\\Cookie\\Middleware\\AddQueuedCookiesToResponse->handle(Object(Illuminate\\Http\\Request), Object(Closure))
#31 /var/www/html/neopaed/vendor/laravel/framework/src/Illuminate/Routing/Pipeline.php(53): Illuminate\\Pipeline\\Pipeline->Illuminate\\Pipeline\\{closure}(Object(Illuminate\\Http\\Request))
#32 /var/www/html/neopaed/vendor/laravel/framework/src/Illuminate/Cookie/Middleware/EncryptCookies.php(66): Illuminate\\Routing\\Pipeline->Illuminate\\Routing\\{closure}(Object(Illuminate\\Http\\Request))
#33 /var/www/html/neopaed/vendor/laravel/framework/src/Illuminate/Pipeline/Pipeline.php(151): Illuminate\\Cookie\\Middleware\\EncryptCookies->handle(Object(Illuminate\\Http\\Request), Object(Closure))
#34 /var/www/html/neopaed/vendor/laravel/framework/src/Illuminate/Routing/Pipeline.php(53): Illuminate\\Pipeline\\Pipeline->Illuminate\\Pipeline\\{closure}(Object(Illuminate\\Http\\Request))
#35 /var/www/html/neopaed/vendor/laravel/framework/src/Illuminate/Foundation/Http/Middleware/CheckForMaintenanceMode.php(62): Illuminate\\Routing\\Pipeline->Illuminate\\Routing\\{closure}(Object(Illuminate\\Http\\Request))
#36 /var/www/html/neopaed/vendor/laravel/framework/src/Illuminate/Pipeline/Pipeline.php(151): Illuminate\\Foundation\\Http\\Middleware\\CheckForMaintenanceMode->handle(Object(Illuminate\\Http\\Request), Object(Closure))
#37 /var/www/html/neopaed/vendor/laravel/framework/src/Illuminate/Routing/Pipeline.php(53): Illuminate\\Pipeline\\Pipeline->Illuminate\\Pipeline\\{closure}(Object(Illuminate\\Http\\Request))
#38 /var/www/html/neopaed/vendor/laravel/framework/src/Illuminate/Pipeline/Pipeline.php(104): Illuminate\\Routing\\Pipeline->Illuminate\\Routing\\{closure}(Object(Illuminate\\Http\\Request))
#39 /var/www/html/neopaed/vendor/laravel/framework/src/Illuminate/Foundation/Http/Kernel.php(151): Illuminate\\Pipeline\\Pipeline->then(Object(Closure))
#40 /var/www/html/neopaed/vendor/laravel/framework/src/Illuminate/Foundation/Http/Kernel.php(116): Illuminate\\Foundation\\Http\\Kernel->sendRequestThroughRouter(Object(Illuminate\\Http\\Request))
#41 /var/www/html/neopaed/public/index.php(52): Illuminate\\Foundation\\Http\\Kernel->handle(Object(Illuminate\\Http\\Request))
#42 /var/www/html/neopaed/index.php(21): require_once('/var/www/html/n...')
#43 {main}
"} 
